// Jest Snapshot v1, https://goo.gl/fbAQLP

exports[`Movie  it should render correctly with store in "debug" mode 1`] = `ShallowWrapper {}`;

exports[`Movie  it should render correctly without store 1`] = `ReactWrapper {}`;
